[0.157s] DEBUG:colcon:Command line arguments: ['/usr/bin/colcon', 'build', '--symlink-install']
[0.157s] DEBUG:colcon:Parsed command line arguments: Namespace(log_base=None, log_level=None, verb_name='build', build_base='build', install_base='install', merge_install=False, symlink_install=True, test_result_base=None, continue_on_error=False, executor='parallel', parallel_workers=16, event_handlers=None, ignore_user_meta=False, metas=['./colcon.meta'], base_paths=['.'], packages_ignore=None, packages_ignore_regex=None, paths=None, packages_up_to=None, packages_up_to_regex=None, packages_above=None, packages_above_and_dependencies=None, packages_above_depth=None, packages_select_by_dep=None, packages_skip_by_dep=None, packages_skip_up_to=None, packages_select_build_failed=False, packages_skip_build_finished=False, packages_select_test_failures=False, packages_skip_test_passed=False, packages_select=None, packages_skip=None, packages_select_regex=None, packages_skip_regex=None, packages_start=None, packages_end=None, allow_overriding=[], cmake_args=None, cmake_target=None, cmake_target_skip_unavailable=False, cmake_clean_cache=False, cmake_clean_first=False, cmake_force_configure=False, ament_cmake_args=None, catkin_cmake_args=None, catkin_skip_building_tests=False, verb_parser=<colcon_defaults.argument_parser.defaults.DefaultArgumentsDecorator object at 0x7fe74c5356d0>, verb_extension=<colcon_core.verb.build.BuildVerb object at 0x7fe74c6b1d60>, main=<bound method BuildVerb.main of <colcon_core.verb.build.BuildVerb object at 0x7fe74c6b1d60>>)
[0.223s] Level 1:colcon.colcon_core.package_discovery:discover_packages(colcon_meta) check parameters
[0.223s] Level 1:colcon.colcon_core.package_discovery:discover_packages(recursive) check parameters
[0.223s] Level 1:colcon.colcon_core.package_discovery:discover_packages(ignore) check parameters
[0.223s] Level 1:colcon.colcon_core.package_discovery:discover_packages(path) check parameters
[0.223s] Level 1:colcon.colcon_core.package_discovery:discover_packages(colcon_meta) discover
[0.223s] Level 1:colcon.colcon_core.package_discovery:discover_packages(recursive) discover
[0.223s] INFO:colcon.colcon_core.package_discovery:Crawling recursively for packages in '/home/vishvesh/arm_sim'
[0.223s] Level 1:colcon.colcon_core.package_identification:_identify(.) by extensions ['ignore', 'ignore_ament_install']
[0.223s] Level 1:colcon.colcon_core.package_identification:_identify(.) by extension 'ignore'
[0.224s] Level 1:colcon.colcon_core.package_identification:_identify(.) by extension 'ignore_ament_install'
[0.224s] Level 1:colcon.colcon_core.package_identification:_identify(.) by extensions ['colcon_pkg']
[0.224s] Level 1:colcon.colcon_core.package_identification:_identify(.) by extension 'colcon_pkg'
[0.224s] Level 1:colcon.colcon_core.package_identification:_identify(.) by extensions ['colcon_meta']
[0.224s] Level 1:colcon.colcon_core.package_identification:_identify(.) by extension 'colcon_meta'
[0.224s] Level 1:colcon.colcon_core.package_identification:_identify(.) by extensions ['ros']
[0.224s] Level 1:colcon.colcon_core.package_identification:_identify(.) by extension 'ros'
[0.266s] Level 1:colcon.colcon_core.package_identification:_identify(.) by extensions ['cmake', 'python']
[0.266s] Level 1:colcon.colcon_core.package_identification:_identify(.) by extension 'cmake'
[0.266s] Level 1:colcon.colcon_core.package_identification:_identify(.) by extension 'python'
[0.266s] Level 1:colcon.colcon_core.package_identification:_identify(.) by extensions ['python_setup_py']
[0.266s] Level 1:colcon.colcon_core.package_identification:_identify(.) by extension 'python_setup_py'
[0.266s] Level 1:colcon.colcon_core.package_identification:_identify(build) by extensions ['ignore', 'ignore_ament_install']
[0.267s] Level 1:colcon.colcon_core.package_identification:_identify(build) by extension 'ignore'
[0.267s] Level 1:colcon.colcon_core.package_identification:_identify(build) ignored
[0.267s] Level 1:colcon.colcon_core.package_identification:_identify(install) by extensions ['ignore', 'ignore_ament_install']
[0.267s] Level 1:colcon.colcon_core.package_identification:_identify(install) by extension 'ignore'
[0.267s] Level 1:colcon.colcon_core.package_identification:_identify(install) ignored
[0.267s] Level 1:colcon.colcon_core.package_identification:_identify(log) by extensions ['ignore', 'ignore_ament_install']
[0.267s] Level 1:colcon.colcon_core.package_identification:_identify(log) by extension 'ignore'
[0.267s] Level 1:colcon.colcon_core.package_identification:_identify(log) ignored
[0.267s] Level 1:colcon.colcon_core.package_identification:_identify(src) by extensions ['ignore', 'ignore_ament_install']
[0.268s] Level 1:colcon.colcon_core.package_identification:_identify(src) by extension 'ignore'
[0.268s] Level 1:colcon.colcon_core.package_identification:_identify(src) by extension 'ignore_ament_install'
[0.268s] Level 1:colcon.colcon_core.package_identification:_identify(src) by extensions ['colcon_pkg']
[0.268s] Level 1:colcon.colcon_core.package_identification:_identify(src) by extension 'colcon_pkg'
[0.268s] Level 1:colcon.colcon_core.package_identification:_identify(src) by extensions ['colcon_meta']
[0.268s] Level 1:colcon.colcon_core.package_identification:_identify(src) by extension 'colcon_meta'
[0.268s] Level 1:colcon.colcon_core.package_identification:_identify(src) by extensions ['ros']
[0.268s] Level 1:colcon.colcon_core.package_identification:_identify(src) by extension 'ros'
[0.268s] Level 1:colcon.colcon_core.package_identification:_identify(src) by extensions ['cmake', 'python']
[0.268s] Level 1:colcon.colcon_core.package_identification:_identify(src) by extension 'cmake'
[0.268s] Level 1:colcon.colcon_core.package_identification:_identify(src) by extension 'python'
[0.268s] Level 1:colcon.colcon_core.package_identification:_identify(src) by extensions ['python_setup_py']
[0.268s] Level 1:colcon.colcon_core.package_identification:_identify(src) by extension 'python_setup_py'
[0.268s] Level 1:colcon.colcon_core.package_identification:_identify(src/arm_sim) by extensions ['ignore', 'ignore_ament_install']
[0.268s] Level 1:colcon.colcon_core.package_identification:_identify(src/arm_sim) by extension 'ignore'
[0.268s] Level 1:colcon.colcon_core.package_identification:_identify(src/arm_sim) by extension 'ignore_ament_install'
[0.269s] Level 1:colcon.colcon_core.package_identification:_identify(src/arm_sim) by extensions ['colcon_pkg']
[0.269s] Level 1:colcon.colcon_core.package_identification:_identify(src/arm_sim) by extension 'colcon_pkg'
[0.269s] Level 1:colcon.colcon_core.package_identification:_identify(src/arm_sim) by extensions ['colcon_meta']
[0.269s] Level 1:colcon.colcon_core.package_identification:_identify(src/arm_sim) by extension 'colcon_meta'
[0.269s] Level 1:colcon.colcon_core.package_identification:_identify(src/arm_sim) by extensions ['ros']
[0.269s] Level 1:colcon.colcon_core.package_identification:_identify(src/arm_sim) by extension 'ros'
[0.273s] DEBUG:colcon.colcon_core.package_identification:Package 'src/arm_sim' with type 'ros.ament_cmake' and name 'arm_sim'
[0.273s] Level 1:colcon.colcon_core.package_discovery:discover_packages(recursive) using defaults
[0.273s] Level 1:colcon.colcon_core.package_discovery:discover_packages(ignore) discover
[0.273s] Level 1:colcon.colcon_core.package_discovery:discover_packages(ignore) using defaults
[0.273s] Level 1:colcon.colcon_core.package_discovery:discover_packages(path) discover
[0.273s] Level 1:colcon.colcon_core.package_discovery:discover_packages(path) using defaults
[0.301s] Level 1:colcon.colcon_core.package_discovery:discover_packages(prefix_path) check parameters
[0.301s] Level 1:colcon.colcon_core.package_discovery:discover_packages(prefix_path) discover
[0.303s] DEBUG:colcon.colcon_installed_package_information.package_discovery:Found 1 installed packages in /home/vishvesh/arm_sim/install
[0.304s] DEBUG:colcon.colcon_installed_package_information.package_discovery:Found 1 installed packages in /home/vishvesh/ros2_ws/install
[0.306s] DEBUG:colcon.colcon_installed_package_information.package_discovery:Found 352 installed packages in /opt/ros/jazzy
[0.308s] Level 1:colcon.colcon_core.package_discovery:discover_packages(prefix_path) using defaults
[0.368s] Level 5:colcon.colcon_core.verb:set package 'arm_sim' build argument 'cmake_args' from command line to 'None'
[0.368s] Level 5:colcon.colcon_core.verb:set package 'arm_sim' build argument 'cmake_target' from command line to 'None'
[0.368s] Level 5:colcon.colcon_core.verb:set package 'arm_sim' build argument 'cmake_target_skip_unavailable' from command line to 'False'
[0.368s] Level 5:colcon.colcon_core.verb:set package 'arm_sim' build argument 'cmake_clean_cache' from command line to 'False'
[0.368s] Level 5:colcon.colcon_core.verb:set package 'arm_sim' build argument 'cmake_clean_first' from command line to 'False'
[0.368s] Level 5:colcon.colcon_core.verb:set package 'arm_sim' build argument 'cmake_force_configure' from command line to 'False'
[0.368s] Level 5:colcon.colcon_core.verb:set package 'arm_sim' build argument 'ament_cmake_args' from command line to 'None'
[0.368s] Level 5:colcon.colcon_core.verb:set package 'arm_sim' build argument 'catkin_cmake_args' from command line to 'None'
[0.368s] Level 5:colcon.colcon_core.verb:set package 'arm_sim' build argument 'catkin_skip_building_tests' from command line to 'False'
[0.368s] DEBUG:colcon.colcon_core.verb:Building package 'arm_sim' with the following arguments: {'ament_cmake_args': None, 'build_base': '/home/vishvesh/arm_sim/build/arm_sim', 'catkin_cmake_args': None, 'catkin_skip_building_tests': False, 'cmake_args': None, 'cmake_clean_cache': False, 'cmake_clean_first': False, 'cmake_force_configure': False, 'cmake_target': None, 'cmake_target_skip_unavailable': False, 'install_base': '/home/vishvesh/arm_sim/install/arm_sim', 'merge_install': False, 'path': '/home/vishvesh/arm_sim/src/arm_sim', 'symlink_install': True, 'test_result_base': None}
[0.368s] INFO:colcon.colcon_core.executor:Executing jobs using 'parallel' executor
[0.370s] DEBUG:colcon.colcon_parallel_executor.executor.parallel:run_until_complete
[0.370s] INFO:colcon.colcon_ros.task.ament_cmake.build:Building ROS package in '/home/vishvesh/arm_sim/src/arm_sim' with build type 'ament_cmake'
[0.370s] INFO:colcon.colcon_cmake.task.cmake.build:Building CMake package in '/home/vishvesh/arm_sim/src/arm_sim'
[0.373s] INFO:colcon.colcon_core.plugin_system:Skipping extension 'colcon_core.shell.bat': Not used on non-Windows systems
[0.373s] INFO:colcon.colcon_core.shell:Skip shell extension 'powershell' for command environment: Not usable outside of PowerShell
[0.373s] DEBUG:colcon.colcon_core.shell:Skip shell extension 'dsv' for command environment
[0.388s] DEBUG:colcon.colcon_core.event_handler.log_command:Invoking command in '/home/vishvesh/arm_sim/build/arm_sim': CMAKE_PREFIX_PATH=${CMAKE_PREFIX_PATH}:/home/vishvesh/ros2_ws/install/my_first_package:/opt/ros/jazzy DEBUGINFOD_URLS=https://debuginfod.ubuntu.com /usr/bin/cmake --build /home/vishvesh/arm_sim/build/arm_sim -- -j16 -l16
[0.450s] DEBUG:colcon.colcon_core.event_handler.log_command:Invoked command in '/home/vishvesh/arm_sim/build/arm_sim' returned '0': CMAKE_PREFIX_PATH=${CMAKE_PREFIX_PATH}:/home/vishvesh/ros2_ws/install/my_first_package:/opt/ros/jazzy DEBUGINFOD_URLS=https://debuginfod.ubuntu.com /usr/bin/cmake --build /home/vishvesh/arm_sim/build/arm_sim -- -j16 -l16
[0.466s] DEBUG:colcon.colcon_core.event_handler.log_command:Invoking command in '/home/vishvesh/arm_sim/build/arm_sim': CMAKE_PREFIX_PATH=${CMAKE_PREFIX_PATH}:/home/vishvesh/ros2_ws/install/my_first_package:/opt/ros/jazzy DEBUGINFOD_URLS=https://debuginfod.ubuntu.com /usr/bin/cmake --install /home/vishvesh/arm_sim/build/arm_sim
[0.503s] Level 1:colcon.colcon_core.environment:create_environment_scripts_only(arm_sim)
[0.504s] DEBUG:colcon.colcon_core.event_handler.log_command:Invoked command in '/home/vishvesh/arm_sim/build/arm_sim' returned '0': CMAKE_PREFIX_PATH=${CMAKE_PREFIX_PATH}:/home/vishvesh/ros2_ws/install/my_first_package:/opt/ros/jazzy DEBUGINFOD_URLS=https://debuginfod.ubuntu.com /usr/bin/cmake --install /home/vishvesh/arm_sim/build/arm_sim
[0.507s] Level 1:colcon.colcon_core.environment:checking '/home/vishvesh/arm_sim/install/arm_sim' for CMake module files
[0.508s] Level 1:colcon.colcon_core.environment:checking '/home/vishvesh/arm_sim/install/arm_sim' for CMake config files
[0.508s] Level 1:colcon.colcon_core.shell:create_environment_hook('arm_sim', 'cmake_prefix_path')
[0.508s] INFO:colcon.colcon_core.shell:Creating environment hook '/home/vishvesh/arm_sim/install/arm_sim/share/arm_sim/hook/cmake_prefix_path.ps1'
[0.509s] INFO:colcon.colcon_core.shell:Creating environment descriptor '/home/vishvesh/arm_sim/install/arm_sim/share/arm_sim/hook/cmake_prefix_path.dsv'
[0.510s] INFO:colcon.colcon_core.shell:Creating environment hook '/home/vishvesh/arm_sim/install/arm_sim/share/arm_sim/hook/cmake_prefix_path.sh'
[0.511s] Level 1:colcon.colcon_core.environment:checking '/home/vishvesh/arm_sim/install/arm_sim/lib'
[0.511s] Level 1:colcon.colcon_core.environment:checking '/home/vishvesh/arm_sim/install/arm_sim/bin'
[0.512s] Level 1:colcon.colcon_core.environment:checking '/home/vishvesh/arm_sim/install/arm_sim/lib/pkgconfig/arm_sim.pc'
[0.512s] Level 1:colcon.colcon_core.environment:checking '/home/vishvesh/arm_sim/install/arm_sim/lib/python3.12/site-packages'
[0.512s] Level 1:colcon.colcon_core.environment:checking '/home/vishvesh/arm_sim/install/arm_sim/bin'
[0.513s] INFO:colcon.colcon_core.shell:Creating package script '/home/vishvesh/arm_sim/install/arm_sim/share/arm_sim/package.ps1'
[0.514s] INFO:colcon.colcon_core.shell:Creating package descriptor '/home/vishvesh/arm_sim/install/arm_sim/share/arm_sim/package.dsv'
[0.515s] INFO:colcon.colcon_core.shell:Creating package script '/home/vishvesh/arm_sim/install/arm_sim/share/arm_sim/package.sh'
[0.516s] INFO:colcon.colcon_core.shell:Creating package script '/home/vishvesh/arm_sim/install/arm_sim/share/arm_sim/package.bash'
[0.517s] INFO:colcon.colcon_core.shell:Creating package script '/home/vishvesh/arm_sim/install/arm_sim/share/arm_sim/package.zsh'
[0.517s] Level 1:colcon.colcon_core.environment:create_file_with_runtime_dependencies(/home/vishvesh/arm_sim/install/arm_sim/share/colcon-core/packages/arm_sim)
[0.518s] Level 1:colcon.colcon_core.environment:create_environment_scripts_only(arm_sim)
[0.518s] Level 1:colcon.colcon_core.environment:checking '/home/vishvesh/arm_sim/install/arm_sim' for CMake module files
[0.519s] Level 1:colcon.colcon_core.environment:checking '/home/vishvesh/arm_sim/install/arm_sim' for CMake config files
[0.519s] Level 1:colcon.colcon_core.shell:create_environment_hook('arm_sim', 'cmake_prefix_path')
[0.520s] INFO:colcon.colcon_core.shell:Creating environment hook '/home/vishvesh/arm_sim/install/arm_sim/share/arm_sim/hook/cmake_prefix_path.ps1'
[0.520s] INFO:colcon.colcon_core.shell:Creating environment descriptor '/home/vishvesh/arm_sim/install/arm_sim/share/arm_sim/hook/cmake_prefix_path.dsv'
[0.521s] INFO:colcon.colcon_core.shell:Creating environment hook '/home/vishvesh/arm_sim/install/arm_sim/share/arm_sim/hook/cmake_prefix_path.sh'
[0.521s] Level 1:colcon.colcon_core.environment:checking '/home/vishvesh/arm_sim/install/arm_sim/lib'
[0.522s] Level 1:colcon.colcon_core.environment:checking '/home/vishvesh/arm_sim/install/arm_sim/bin'
[0.522s] Level 1:colcon.colcon_core.environment:checking '/home/vishvesh/arm_sim/install/arm_sim/lib/pkgconfig/arm_sim.pc'
[0.522s] Level 1:colcon.colcon_core.environment:checking '/home/vishvesh/arm_sim/install/arm_sim/lib/python3.12/site-packages'
[0.522s] Level 1:colcon.colcon_core.environment:checking '/home/vishvesh/arm_sim/install/arm_sim/bin'
[0.523s] INFO:colcon.colcon_core.shell:Creating package script '/home/vishvesh/arm_sim/install/arm_sim/share/arm_sim/package.ps1'
[0.524s] INFO:colcon.colcon_core.shell:Creating package descriptor '/home/vishvesh/arm_sim/install/arm_sim/share/arm_sim/package.dsv'
[0.525s] INFO:colcon.colcon_core.shell:Creating package script '/home/vishvesh/arm_sim/install/arm_sim/share/arm_sim/package.sh'
[0.526s] INFO:colcon.colcon_core.shell:Creating package script '/home/vishvesh/arm_sim/install/arm_sim/share/arm_sim/package.bash'
[0.526s] INFO:colcon.colcon_core.shell:Creating package script '/home/vishvesh/arm_sim/install/arm_sim/share/arm_sim/package.zsh'
[0.527s] Level 1:colcon.colcon_core.environment:create_file_with_runtime_dependencies(/home/vishvesh/arm_sim/install/arm_sim/share/colcon-core/packages/arm_sim)
[0.527s] DEBUG:colcon.colcon_parallel_executor.executor.parallel:closing loop
[0.528s] DEBUG:colcon.colcon_parallel_executor.executor.parallel:loop closed
[0.528s] DEBUG:colcon.colcon_parallel_executor.executor.parallel:run_until_complete finished with '0'
[0.528s] DEBUG:colcon.colcon_core.event_reactor:joining thread
[0.536s] INFO:colcon.colcon_core.plugin_system:Skipping extension 'colcon_notification.desktop_notification.terminal_notifier': Not used on non-Darwin systems
[0.536s] INFO:colcon.colcon_core.plugin_system:Skipping extension 'colcon_notification.desktop_notification.win32': Not used on non-Windows systems
[0.536s] INFO:colcon.colcon_notification.desktop_notification:Sending desktop notification using 'notify2'
[0.560s] DEBUG:colcon.colcon_core.event_reactor:joined thread
[0.561s] INFO:colcon.colcon_core.shell:Creating prefix script '/home/vishvesh/arm_sim/install/local_setup.ps1'
[0.562s] INFO:colcon.colcon_core.shell:Creating prefix util module '/home/vishvesh/arm_sim/install/_local_setup_util_ps1.py'
[0.564s] INFO:colcon.colcon_core.shell:Creating prefix chain script '/home/vishvesh/arm_sim/install/setup.ps1'
[0.566s] INFO:colcon.colcon_core.shell:Creating prefix script '/home/vishvesh/arm_sim/install/local_setup.sh'
[0.567s] INFO:colcon.colcon_core.shell:Creating prefix util module '/home/vishvesh/arm_sim/install/_local_setup_util_sh.py'
[0.567s] INFO:colcon.colcon_core.shell:Creating prefix chain script '/home/vishvesh/arm_sim/install/setup.sh'
[0.569s] INFO:colcon.colcon_core.shell:Creating prefix script '/home/vishvesh/arm_sim/install/local_setup.bash'
[0.569s] INFO:colcon.colcon_core.shell:Creating prefix chain script '/home/vishvesh/arm_sim/install/setup.bash'
[0.570s] INFO:colcon.colcon_core.shell:Creating prefix script '/home/vishvesh/arm_sim/install/local_setup.zsh'
[0.571s] INFO:colcon.colcon_core.shell:Creating prefix chain script '/home/vishvesh/arm_sim/install/setup.zsh'
