-- Install configuration: ""
-- Execute custom install script
-- Up-to-date symlink: /home/vishvesh/arm_sim/install/arm_sim/share/arm_sim/launch/sim.launch.py
-- Up-to-date symlink: /home/vishvesh/arm_sim/install/arm_sim/share/arm_sim/urdf/arm_cad.urdf.xacro
-- Up-to-date symlink: /home/vishvesh/arm_sim/install/arm_sim/share/arm_sim/config/ros2_controllers.yaml
-- Up-to-date symlink: /home/vishvesh/arm_sim/install/arm_sim/share/arm_sim/meshes/base_link.stl
-- Up-to-date symlink: /home/vishvesh/arm_sim/install/arm_sim/share/arm_sim/meshes/base_plate.stl
-- Up-to-date symlink: /home/vishvesh/arm_sim/install/arm_sim/share/arm_sim/meshes/bevel_link.stl
-- Up-to-date symlink: /home/vishvesh/arm_sim/install/arm_sim/share/arm_sim/meshes/elbow_fixed_link.stl
-- Up-to-date symlink: /home/vishvesh/arm_sim/install/arm_sim/share/arm_sim/meshes/elbow_link.stl
-- Up-to-date symlink: /home/vishvesh/arm_sim/install/arm_sim/share/arm_sim/meshes/gripper_link.stl
-- Up-to-date symlink: /home/vishvesh/arm_sim/install/arm_sim/share/arm_sim/meshes/shoulder_fixed_link.stl
-- Up-to-date symlink: /home/vishvesh/arm_sim/install/arm_sim/share/arm_sim/meshes/shoulder_link.stl
-- Up-to-date symlink: /home/vishvesh/arm_sim/install/arm_sim/share/arm_sim/meshes/shoulder_plate.stl
-- Up-to-date symlink: /home/vishvesh/arm_sim/install/arm_sim/share/arm_sim/meshes/upper_jaw_link.stl
-- Up-to-date symlink: /home/vishvesh/arm_sim/install/arm_sim/share/arm_sim/meshes/wrist_pitch_link.stl
-- Up-to-date symlink: /home/vishvesh/arm_sim/install/arm_sim/share/arm_sim/worlds/empty.sdf
-- Up-to-date symlink: /home/vishvesh/arm_sim/install/arm_sim/share/arm_sim/worlds/test.sdf
-- Up-to-date symlink: /home/vishvesh/arm_sim/install/arm_sim/lib/arm_sim/arm_teleop.py
-- Up-to-date symlink: /home/vishvesh/arm_sim/install/arm_sim/share/ament_index/resource_index/package_run_dependencies/arm_sim
-- Up-to-date symlink: /home/vishvesh/arm_sim/install/arm_sim/share/ament_index/resource_index/parent_prefix_path/arm_sim
-- Up-to-date symlink: /home/vishvesh/arm_sim/install/arm_sim/share/arm_sim/environment/ament_prefix_path.sh
-- Up-to-date symlink: /home/vishvesh/arm_sim/install/arm_sim/share/arm_sim/environment/ament_prefix_path.dsv
-- Up-to-date symlink: /home/vishvesh/arm_sim/install/arm_sim/share/arm_sim/environment/path.sh
-- Up-to-date symlink: /home/vishvesh/arm_sim/install/arm_sim/share/arm_sim/environment/path.dsv
-- Up-to-date symlink: /home/vishvesh/arm_sim/install/arm_sim/share/arm_sim/local_setup.bash
-- Up-to-date symlink: /home/vishvesh/arm_sim/install/arm_sim/share/arm_sim/local_setup.sh
-- Up-to-date symlink: /home/vishvesh/arm_sim/install/arm_sim/share/arm_sim/local_setup.zsh
-- Up-to-date symlink: /home/vishvesh/arm_sim/install/arm_sim/share/arm_sim/local_setup.dsv
-- Symlinking: /home/vishvesh/arm_sim/install/arm_sim/share/arm_sim/package.dsv
-- Up-to-date symlink: /home/vishvesh/arm_sim/install/arm_sim/share/ament_index/resource_index/packages/arm_sim
-- Up-to-date symlink: /home/vishvesh/arm_sim/install/arm_sim/share/arm_sim/cmake/arm_simConfig.cmake
-- Up-to-date symlink: /home/vishvesh/arm_sim/install/arm_sim/share/arm_sim/cmake/arm_simConfig-version.cmake
-- Up-to-date symlink: /home/vishvesh/arm_sim/install/arm_sim/share/arm_sim/package.xml
