[0.010s] Invoking command in '/home/vishvesh/arm_sim/build/arm_sim': CMAKE_PREFIX_PATH=${CMAKE_PREFIX_PATH}:/home/vishvesh/ros2_ws/install/my_first_package:/opt/ros/jazzy DEBUGINFOD_URLS=https://debuginfod.ubuntu.com /usr/bin/cmake /home/vishvesh/arm_sim/src/arm_sim -DAMENT_CMAKE_SYMLINK_INSTALL=1 -DCMAKE_INSTALL_PREFIX=/home/vishvesh/arm_sim/install/arm_sim
[0.063s] -- The C compiler identification is GNU 13.3.0
[0.117s] -- The CXX compiler identification is GNU 13.3.0
[0.133s] -- Detecting C compiler ABI info
[0.217s] -- Detecting C compiler ABI info - done
[0.227s] -- Check for working C compiler: /usr/bin/cc - skipped
[0.228s] -- Detecting C compile features
[0.228s] -- Detecting C compile features - done
[0.238s] -- Detecting CXX compiler ABI info
[0.327s] -- Detecting CXX compiler ABI info - done
[0.340s] -- Check for working CXX compiler: /usr/bin/c++ - skipped
[0.341s] -- Detecting CXX compile features
[0.341s] -- Detecting CXX compile features - done
[0.345s] -- Found ament_cmake: 2.5.6 (/opt/ros/jazzy/share/ament_cmake/cmake)
[0.519s] -- Found Python3: /usr/bin/python3 (found version "3.12.3") found components: Interpreter 
[0.603s] -- Override CMake install command with custom implementation using symlinks instead of copying resources
[0.648s] -- Found ament_lint_auto: 0.17.5 (/opt/ros/jazzy/share/ament_lint_auto/cmake)
[0.766s] -- Added test 'flake8' to check Python code syntax and style conventions
[0.766s] -- Configured 'flake8' exclude dirs and/or files: 
[0.767s] -- Added test 'lint_cmake' to check CMake code style
[0.767s] -- Added test 'pep257' to check Python code against some of the docstring style conventions in PEP 257
[0.769s] -- Added test 'xmllint' to check XML markup files
[0.770s] -- Configuring done (0.8s)
[0.773s] -- Generating done (0.0s)
[0.774s] -- Build files have been written to: /home/vishvesh/arm_sim/build/arm_sim
[0.779s] Invoked command in '/home/vishvesh/arm_sim/build/arm_sim' returned '0': CMAKE_PREFIX_PATH=${CMAKE_PREFIX_PATH}:/home/vishvesh/ros2_ws/install/my_first_package:/opt/ros/jazzy DEBUGINFOD_URLS=https://debuginfod.ubuntu.com /usr/bin/cmake /home/vishvesh/arm_sim/src/arm_sim -DAMENT_CMAKE_SYMLINK_INSTALL=1 -DCMAKE_INSTALL_PREFIX=/home/vishvesh/arm_sim/install/arm_sim
[0.781s] Invoking command in '/home/vishvesh/arm_sim/build/arm_sim': CMAKE_PREFIX_PATH=${CMAKE_PREFIX_PATH}:/home/vishvesh/ros2_ws/install/my_first_package:/opt/ros/jazzy DEBUGINFOD_URLS=https://debuginfod.ubuntu.com /usr/bin/cmake --build /home/vishvesh/arm_sim/build/arm_sim -- -j16 -l16
[0.820s] Invoked command in '/home/vishvesh/arm_sim/build/arm_sim' returned '0': CMAKE_PREFIX_PATH=${CMAKE_PREFIX_PATH}:/home/vishvesh/ros2_ws/install/my_first_package:/opt/ros/jazzy DEBUGINFOD_URLS=https://debuginfod.ubuntu.com /usr/bin/cmake --build /home/vishvesh/arm_sim/build/arm_sim -- -j16 -l16
[0.830s] Invoking command in '/home/vishvesh/arm_sim/build/arm_sim': CMAKE_PREFIX_PATH=${CMAKE_PREFIX_PATH}:/home/vishvesh/ros2_ws/install/my_first_package:/opt/ros/jazzy DEBUGINFOD_URLS=https://debuginfod.ubuntu.com /usr/bin/cmake --install /home/vishvesh/arm_sim/build/arm_sim
[0.840s] -- Install configuration: ""
[0.841s] -- Execute custom install script
[0.841s] -- Up-to-date symlink: /home/vishvesh/arm_sim/install/arm_sim/share/arm_sim/launch/sim.launch.py
[0.842s] -- Up-to-date symlink: /home/vishvesh/arm_sim/install/arm_sim/share/arm_sim/urdf/arm_cad.urdf.xacro
[0.842s] -- Up-to-date symlink: /home/vishvesh/arm_sim/install/arm_sim/share/arm_sim/config/ros2_controllers.yaml
[0.843s] -- Up-to-date symlink: /home/vishvesh/arm_sim/install/arm_sim/share/arm_sim/meshes/base_link.stl
[0.843s] -- Up-to-date symlink: /home/vishvesh/arm_sim/install/arm_sim/share/arm_sim/meshes/base_plate.stl
[0.843s] -- Up-to-date symlink: /home/vishvesh/arm_sim/install/arm_sim/share/arm_sim/meshes/bevel_link.stl
[0.844s] -- Up-to-date symlink: /home/vishvesh/arm_sim/install/arm_sim/share/arm_sim/meshes/elbow_fixed_link.stl
[0.844s] -- Up-to-date symlink: /home/vishvesh/arm_sim/install/arm_sim/share/arm_sim/meshes/elbow_link.stl
[0.844s] -- Up-to-date symlink: /home/vishvesh/arm_sim/install/arm_sim/share/arm_sim/meshes/gripper_link.stl
[0.844s] -- Up-to-date symlink: /home/vishvesh/arm_sim/install/arm_sim/share/arm_sim/meshes/shoulder_fixed_link.stl
[0.844s] -- Up-to-date symlink: /home/vishvesh/arm_sim/install/arm_sim/share/arm_sim/meshes/shoulder_link.stl
[0.844s] -- Up-to-date symlink: /home/vishvesh/arm_sim/install/arm_sim/share/arm_sim/meshes/shoulder_plate.stl
[0.844s] -- Up-to-date symlink: /home/vishvesh/arm_sim/install/arm_sim/share/arm_sim/meshes/upper_jaw_link.stl
[0.844s] -- Up-to-date symlink: /home/vishvesh/arm_sim/install/arm_sim/share/arm_sim/meshes/wrist_pitch_link.stl
[0.844s] -- Up-to-date symlink: /home/vishvesh/arm_sim/install/arm_sim/share/arm_sim/worlds/empty.sdf
[0.844s] -- Up-to-date symlink: /home/vishvesh/arm_sim/install/arm_sim/share/arm_sim/worlds/test.sdf
[0.845s] -- Up-to-date symlink: /home/vishvesh/arm_sim/install/arm_sim/lib/arm_sim/arm_teleop.py
[0.845s] -- Up-to-date symlink: /home/vishvesh/arm_sim/install/arm_sim/share/ament_index/resource_index/package_run_dependencies/arm_sim
[0.845s] -- Up-to-date symlink: /home/vishvesh/arm_sim/install/arm_sim/share/ament_index/resource_index/parent_prefix_path/arm_sim
[0.845s] -- Up-to-date symlink: /home/vishvesh/arm_sim/install/arm_sim/share/arm_sim/environment/ament_prefix_path.sh
[0.845s] -- Up-to-date symlink: /home/vishvesh/arm_sim/install/arm_sim/share/arm_sim/environment/ament_prefix_path.dsv
[0.845s] -- Up-to-date symlink: /home/vishvesh/arm_sim/install/arm_sim/share/arm_sim/environment/path.sh
[0.845s] -- Up-to-date symlink: /home/vishvesh/arm_sim/install/arm_sim/share/arm_sim/environment/path.dsv
[0.845s] -- Up-to-date symlink: /home/vishvesh/arm_sim/install/arm_sim/share/arm_sim/local_setup.bash
[0.845s] -- Up-to-date symlink: /home/vishvesh/arm_sim/install/arm_sim/share/arm_sim/local_setup.sh
[0.846s] -- Up-to-date symlink: /home/vishvesh/arm_sim/install/arm_sim/share/arm_sim/local_setup.zsh
[0.846s] -- Up-to-date symlink: /home/vishvesh/arm_sim/install/arm_sim/share/arm_sim/local_setup.dsv
[0.846s] -- Symlinking: /home/vishvesh/arm_sim/install/arm_sim/share/arm_sim/package.dsv
[0.854s] -- Up-to-date symlink: /home/vishvesh/arm_sim/install/arm_sim/share/ament_index/resource_index/packages/arm_sim
[0.854s] -- Up-to-date symlink: /home/vishvesh/arm_sim/install/arm_sim/share/arm_sim/cmake/arm_simConfig.cmake
[0.855s] -- Up-to-date symlink: /home/vishvesh/arm_sim/install/arm_sim/share/arm_sim/cmake/arm_simConfig-version.cmake
[0.855s] -- Up-to-date symlink: /home/vishvesh/arm_sim/install/arm_sim/share/arm_sim/package.xml
[0.857s] Invoked command in '/home/vishvesh/arm_sim/build/arm_sim' returned '0': CMAKE_PREFIX_PATH=${CMAKE_PREFIX_PATH}:/home/vishvesh/ros2_ws/install/my_first_package:/opt/ros/jazzy DEBUGINFOD_URLS=https://debuginfod.ubuntu.com /usr/bin/cmake --install /home/vishvesh/arm_sim/build/arm_sim
